#-----------------------------------------------------------
# PlanAhead v14.7 (64-bit)
# Build 321239 by xbuild on Fri Sep 27 19:29:51 MDT 2013
# Start of session at: Mon Jul 25 22:32:56 2016
# Process ID: 2092
# Log file: D:/study/simplemips1.1/planAhead_run_2/planAhead.log
# Journal file: D:/study/simplemips1.1/planAhead_run_2/planAhead.jou
#-----------------------------------------------------------
start_gui
source D:/study/simplemips1.1/pa.fromHdl.tcl
update_compile_order -fileset sim_1
set_property package_pin "" [get_ports [list  {XLXN_261[3]}]]
startgroup
set_property package_pin L3 [get_ports {XLXN_261[4]}]
endgroup
startgroup
set_property package_pin L4 [get_ports {XLXN_261[3]}]
endgroup
startgroup
set_property package_pin M3 [get_ports {XLXN_261[2]}]
endgroup
startgroup
set_property package_pin M4 [get_ports {XLXN_261[1]}]
endgroup
startgroup
set_property package_pin N5 [get_ports {XLXN_261[0]}]
endgroup
startgroup
set_property package_pin N26 [get_ports {XLXN_262[15]}]
endgroup
startgroup
set_property package_pin M26 [get_ports {XLXN_262[14]}]
endgroup
startgroup
set_property package_pin L25 [get_ports {XLXN_262[13]}]
endgroup
startgroup
set_property package_pin L26 [get_ports {XLXN_262[12]}]
endgroup
startgroup
set_property package_pin K26 [get_ports {XLXN_262[11]}]
endgroup
startgroup
set_property package_pin M23 [get_ports {XLXN_262[10]}]
endgroup
startgroup
set_property package_pin K24 [get_ports {XLXN_262[9]}]
endgroup
startgroup
set_property package_pin L24 [get_ports {XLXN_262[8]}]
endgroup
startgroup
set_property package_pin J24 [get_ports {XLXN_262[7]}]
endgroup
startgroup
set_property package_pin G23 [get_ports {XLXN_262[6]}]
endgroup
startgroup
set_property package_pin J25 [get_ports {XLXN_262[5]}]
endgroup
startgroup
set_property package_pin J26 [get_ports {XLXN_262[4]}]
endgroup
startgroup
set_property package_pin H26 [get_ports {XLXN_262[3]}]
endgroup
startgroup
set_property package_pin G25 [get_ports {XLXN_262[2]}]
endgroup
startgroup
set_property package_pin G26 [get_ports {XLXN_262[1]}]
endgroup
startgroup
set_property package_pin F26 [get_ports {XLXN_262[0]}]
endgroup
save_constraints
